scripts/run_dual_clip.sh: line 45:   348 Killed                  gz sim -s -r --headless-rendering "$sdf" > "/tmp/gz_${name}.log" 2>&1
  20/4497 frames
  40/4497 frames
  60/4497 frames
  80/4497 frames
  100/4497 frames
  120/4497 frames
  140/4497 frames
  160/4497 frames
  180/4497 frames
  200/4497 frames
  220/4497 frames
  240/4497 frames
  260/4497 frames
  280/4497 frames
  300/4497 frames
  320/4497 frames
  340/4497 frames
  360/4497 frames
  380/4497 frames
  400/4497 frames
  420/4497 frames
  440/4497 frames
  460/4497 frames
  480/4497 frames
  500/4497 frames
  520/4497 frames
  540/4497 frames
  560/4497 frames
  580/4497 frames
  600/4497 frames
  620/4497 frames
  640/4497 frames
  660/4497 frames
  680/4497 frames
  700/4497 frames
  720/4497 frames
  740/4497 frames
  760/4497 frames
  780/4497 frames
  800/4497 frames
  820/4497 frames
  840/4497 frames
  860/4497 frames
  880/4497 frames
  900/4497 frames
  920/4497 frames
  940/4497 frames
  960/4497 frames
  980/4497 frames
  1000/4497 frames
  1020/4497 frames
  1040/4497 frames
  1060/4497 frames
  1080/4497 frames
  1100/4497 frames
  1120/4497 frames
  1140/4497 frames
  1160/4497 frames
  1180/4497 frames
  1200/4497 frames
  1220/4497 frames
  1240/4497 frames
  1260/4497 frames
  1280/4497 frames
  1300/4497 frames
  1320/4497 frames
  1340/4497 frames
  1360/4497 frames
  1380/4497 frames
  1400/4497 frames
  1420/4497 frames
  1440/4497 frames
  1460/4497 frames
  1480/4497 frames
  1500/4497 frames
  1520/4497 frames
  1540/4497 frames
  1560/4497 frames
  1580/4497 frames
  1600/4497 frames
  1620/4497 frames
  1640/4497 frames
  1660/4497 frames
  1680/4497 frames
  1700/4497 frames
  1720/4497 frames
  1740/4497 frames
  1760/4497 frames
  1780/4497 frames
  1800/4497 frames
  1820/4497 frames
  1840/4497 frames
  1860/4497 frames
  1880/4497 frames
  1900/4497 frames
  1920/4497 frames
  1940/4497 frames
  1960/4497 frames
  1980/4497 frames
  2000/4497 frames
  2020/4497 frames
  2040/4497 frames
  2060/4497 frames
  2080/4497 frames
  2100/4497 frames
  2120/4497 frames
  2140/4497 frames
  2160/4497 frames
  2180/4497 frames
  2200/4497 frames
  2220/4497 frames
  2240/4497 frames
  2260/4497 frames
  2280/4497 frames
  2300/4497 frames
  2320/4497 frames
  2340/4497 frames
  2360/4497 frames
  2380/4497 frames
  2400/4497 frames
  2420/4497 frames
  2440/4497 frames
  2460/4497 frames
  2480/4497 frames
  2500/4497 frames
  2520/4497 frames
  2540/4497 frames
  2560/4497 frames
  2580/4497 frames
  2600/4497 frames
  2620/4497 frames
  2640/4497 frames
  2660/4497 frames
  2680/4497 frames
  2700/4497 frames
  2720/4497 frames
  2740/4497 frames
  2760/4497 frames
  2780/4497 frames
  2800/4497 frames
  2820/4497 frames
  2840/4497 frames
  2860/4497 frames
  2880/4497 frames
  2900/4497 frames
  2920/4497 frames
  2940/4497 frames
  2960/4497 frames
  2980/4497 frames
  3000/4497 frames
  3020/4497 frames
  3040/4497 frames
  3060/4497 frames
  3080/4497 frames
  3100/4497 frames
  3120/4497 frames
  3140/4497 frames
  3160/4497 frames
  3180/4497 frames
  3200/4497 frames
  3220/4497 frames
  3240/4497 frames
  3260/4497 frames
  3280/4497 frames
  3300/4497 frames
  3320/4497 frames
  3340/4497 frames
  3360/4497 frames
  3380/4497 frames
  3400/4497 frames
  3420/4497 frames
  3440/4497 frames
  3460/4497 frames
  3480/4497 frames
  3500/4497 frames
  3520/4497 frames
  3540/4497 frames
  3560/4497 frames
  3580/4497 frames
  3600/4497 frames
  3620/4497 frames
  3640/4497 frames
  3660/4497 frames

saved 3663 frames to data/clips/range_dual/ (3663 with the drone in frame)
size buckets: {'<16px': 3663}
skipped 834 frames with a stale camera stream
WARNING: could not verify any labels against rendered pixels
=== telephoto + high-rate captures complete ===
