scripts/run_highrate_clips.sh: line 42:   534 Killed                  gz sim -s -r --headless-rendering "$sdf" > "/tmp/gz_${name}.log" 2>&1
scripts/run_highrate_clips.sh: line 42:   685 Killed                  gz sim -s -r --headless-rendering "$sdf" > "/tmp/gz_${name}.log" 2>&1
scripts/run_highrate_clips.sh: line 42:   839 Killed                  gz sim -s -r --headless-rendering "$sdf" > "/tmp/gz_${name}.log" 2>&1
scripts/run_highrate_clips.sh: line 42:   983 Killed                  gz sim -s -r --headless-rendering "$sdf" > "/tmp/gz_${name}.log" 2>&1
8 frames
  480/2248 frames
  500/2248 frames
  520/2248 frames
  540/2248 frames
  560/2248 frames
  580/2248 frames
  600/2248 frames
  620/2248 frames
  640/2248 frames
  660/2248 frames
  680/2248 frames
  700/2248 frames
  720/2248 frames
  740/2248 frames
  760/2248 frames
  780/2248 frames
  800/2248 frames
  820/2248 frames
  840/2248 frames
  860/2248 frames
  880/2248 frames
  900/2248 frames
  920/2248 frames
  940/2248 frames
  960/2248 frames
  980/2248 frames
  1000/2248 frames
  1020/2248 frames
  1040/2248 frames
  1060/2248 frames
  1080/2248 frames
  1100/2248 frames
  1120/2248 frames
  1140/2248 frames
  1160/2248 frames
  1180/2248 frames
  1200/2248 frames
  1220/2248 frames
  1240/2248 frames
  1260/2248 frames
  1280/2248 frames
  1300/2248 frames
  1320/2248 frames
  1340/2248 frames
  1360/2248 frames
  1380/2248 frames
  1400/2248 frames
  1420/2248 frames
  1440/2248 frames
  1460/2248 frames
  1480/2248 frames
  1500/2248 frames
  1520/2248 frames
  1540/2248 frames
  1560/2248 frames
  1580/2248 frames
  1600/2248 frames
  1620/2248 frames

saved 1639 frames to data/clips/hr_eval_canopy/ (1577 with the drone in frame)
size buckets: {'<16px': 1577}
skipped 609 frames with a stale camera stream
WARNING: could not verify any labels against rendered pixels
=== 15 Hz clip hr_eval_sky (world detection_world, seed 32, 8 birds) ===
intrinsics verified against camera_info (fx=1108.8)
  20/2248 frames
  40/2248 frames
  60/2248 frames
  80/2248 frames
  100/2248 frames
  120/2248 frames
  140/2248 frames
  160/2248 frames
  180/2248 frames
  200/2248 frames
  220/2248 frames
  240/2248 frames
  260/2248 frames
  280/2248 frames
  300/2248 frames
  320/2248 frames
  340/2248 frames
  360/2248 frames
  380/2248 frames
  400/2248 frames
  420/2248 frames
  440/2248 frames
  460/2248 frames
  480/2248 frames
  500/2248 frames
  520/2248 frames
  540/2248 frames
  560/2248 frames
  580/2248 frames
  600/2248 frames
  620/2248 frames
  640/2248 frames
  660/2248 frames
  680/2248 frames
  700/2248 frames
  720/2248 frames
  740/2248 frames
  760/2248 frames
  780/2248 frames
  800/2248 frames
  820/2248 frames
  840/2248 frames
  860/2248 frames
  880/2248 frames
  900/2248 frames
  920/2248 frames
  940/2248 frames
  960/2248 frames
  980/2248 frames
  1000/2248 frames
  1020/2248 frames
  1040/2248 frames
  1060/2248 frames
  1080/2248 frames
  1100/2248 frames
  1120/2248 frames
  1140/2248 frames
  1160/2248 frames
  1180/2248 frames
  1200/2248 frames
  1220/2248 frames
  1240/2248 frames
  1260/2248 frames
  1280/2248 frames
  1300/2248 frames
  1320/2248 frames
  1340/2248 frames
  1360/2248 frames
  1380/2248 frames
  1400/2248 frames
  1420/2248 frames
  1440/2248 frames
  1460/2248 frames
  1480/2248 frames
  1500/2248 frames
  1520/2248 frames
  1540/2248 frames
  1560/2248 frames
  1580/2248 frames
  1600/2248 frames
  1620/2248 frames
  1640/2248 frames
  1660/2248 frames
  1680/2248 frames
  1700/2248 frames
  1720/2248 frames
  1740/2248 frames
  1760/2248 frames
  1780/2248 frames
  1800/2248 frames
  1820/2248 frames
  1840/2248 frames
  1860/2248 frames
  1880/2248 frames
  1900/2248 frames
  1920/2248 frames
  1940/2248 frames
  1960/2248 frames
  1980/2248 frames
  2000/2248 frames
  2020/2248 frames
  2040/2248 frames
  2060/2248 frames
  2080/2248 frames
  2100/2248 frames
  2120/2248 frames
  2140/2248 frames
  2160/2248 frames
  2180/2248 frames
  2200/2248 frames

saved 2201 frames to data/clips/hr_eval_sky/ (2106 with the drone in frame)
size buckets: {'<16px': 1958, '16-32px': 148}
skipped 47 frames with a stale camera stream
label check: median 2.0 px error, 97% within 15 px (1432/1432 frames had a findable dark target)
=== 15 Hz clip hr_train_canopy (world detection_world_terrain_train_ir, seed 33, 8 birds) ===
occlusion checking: ON
intrinsics verified against camera_info (fx=1108.8)
  20/2248 frames
  40/2248 frames
  60/2248 frames
  80/2248 frames
  100/2248 frames
  120/2248 frames
  140/2248 frames
  160/2248 frames
  180/2248 frames
  200/2248 frames
  220/2248 frames
  240/2248 frames
  260/2248 frames
  280/2248 frames
  300/2248 frames
  320/2248 frames
  340/2248 frames
  360/2248 frames
  380/2248 frames
  400/2248 frames
  420/2248 frames
  440/2248 frames
  460/2248 frames
  480/2248 frames
  500/2248 frames
  520/2248 frames
  540/2248 frames
  560/2248 frames
  580/2248 frames
  600/2248 frames
  620/2248 frames
  640/2248 frames
  660/2248 frames
  680/2248 frames
  700/2248 frames
  720/2248 frames
  740/2248 frames
  760/2248 frames
  780/2248 frames
  800/2248 frames
  820/2248 frames
  840/2248 frames
  860/2248 frames
  880/2248 frames
  900/2248 frames
  920/2248 frames
  940/2248 frames
  960/2248 frames
  980/2248 frames
  1000/2248 frames
  1020/2248 frames
  1040/2248 frames
  1060/2248 frames
  1080/2248 frames
  1100/2248 frames
  1120/2248 frames
  1140/2248 frames
  1160/2248 frames
  1180/2248 frames
  1200/2248 frames
  1220/2248 frames
  1240/2248 frames
  1260/2248 frames
  1280/2248 frames
  1300/2248 frames
  1320/2248 frames
  1340/2248 frames
  1360/2248 frames
  1380/2248 frames
  1400/2248 frames
  1420/2248 frames
  1440/2248 frames
  1460/2248 frames
  1480/2248 frames
  1500/2248 frames
  1520/2248 frames
  1540/2248 frames
  1560/2248 frames
  1580/2248 frames
  1600/2248 frames
  1620/2248 frames
  1640/2248 frames
  1660/2248 frames
  1680/2248 frames
  1700/2248 frames
  1720/2248 frames
  1740/2248 frames
  1760/2248 frames
  1780/2248 frames
  1800/2248 frames
  1820/2248 frames
  1840/2248 frames
  1860/2248 frames
  1880/2248 frames
  1900/2248 frames
  1920/2248 frames
  1940/2248 frames
  1960/2248 frames
  1980/2248 frames
  2000/2248 frames
  2020/2248 frames
  2040/2248 frames
  2060/2248 frames
  2080/2248 frames
  2100/2248 frames
  2120/2248 frames
  2140/2248 frames
  2160/2248 frames
  2180/2248 frames
  2200/2248 frames
  2220/2248 frames
  2240/2248 frames

saved 2248 frames to data/clips/hr_train_canopy/ (2248 with the drone in frame)
size buckets: {'<16px': 2248}
WARNING: could not verify any labels against rendered pixels
=== 15 Hz clip hr_train_sky (world detection_world, seed 34, 8 birds) ===
intrinsics verified against camera_info (fx=1108.8)
  20/2248 frames
  40/2248 frames
  60/2248 frames
  80/2248 frames
  100/2248 frames
  120/2248 frames
  140/2248 frames
  160/2248 frames
  180/2248 frames
  200/2248 frames
  220/2248 frames
  240/2248 frames
  260/2248 frames
  280/2248 frames
  300/2248 frames
  320/2248 frames
  340/2248 frames
  360/2248 frames
  380/2248 frames
  400/2248 frames
  420/2248 frames
  440/2248 frames
  460/2248 frames
  480/2248 frames
  500/2248 frames
  520/2248 frames
  540/2248 frames
  560/2248 frames
  580/2248 frames
  600/2248 frames
  620/2248 frames
  640/2248 frames
  660/2248 frames
  680/2248 frames
  700/2248 frames
  720/2248 frames
  740/2248 frames
  760/2248 frames
  780/2248 frames
  800/2248 frames
  820/2248 frames
  840/2248 frames
  860/2248 frames
  880/2248 frames
  900/2248 frames
  920/2248 frames
  940/2248 frames
  960/2248 frames
  980/2248 frames
  1000/2248 frames
  1020/2248 frames
  1040/2248 frames
  1060/2248 frames
  1080/2248 frames
  1100/2248 frames
  1120/2248 frames
  1140/2248 frames
  1160/2248 frames
  1180/2248 frames
  1200/2248 frames
  1220/2248 frames
  1240/2248 frames
  1260/2248 frames
  1280/2248 frames
  1300/2248 frames
  1320/2248 frames
  1340/2248 frames
  1360/2248 frames
  1380/2248 frames
  1400/2248 frames
  1420/2248 frames
  1440/2248 frames
  1460/2248 frames
  1480/2248 frames
  1500/2248 frames
  1520/2248 frames
  1540/2248 frames
  1560/2248 frames
  1580/2248 frames
  1600/2248 frames
  1620/2248 frames
  1640/2248 frames
  1660/2248 frames
  1680/2248 frames
  1700/2248 frames
  1720/2248 frames
  1740/2248 frames
  1760/2248 frames
  1780/2248 frames
  1800/2248 frames
  1820/2248 frames
  1840/2248 frames
  1860/2248 frames
  1880/2248 frames
  1900/2248 frames
  1920/2248 frames
  1940/2248 frames
  1960/2248 frames
  1980/2248 frames
  2000/2248 frames
  2020/2248 frames
  2040/2248 frames
  2060/2248 frames
  2080/2248 frames
  2100/2248 frames
  2120/2248 frames
  2140/2248 frames
  2160/2248 frames
  2180/2248 frames
  2200/2248 frames

saved 2211 frames to data/clips/hr_train_sky/ (2113 with the drone in frame)
size buckets: {'<16px': 2074, '16-32px': 39}
skipped 37 frames with a stale camera stream
label check: median 2.1 px error, 99% within 15 px (1470/1470 frames had a findable dark target)
=== 15 Hz captures complete ===
