======== DEPLOYED m5 ========

eval_birds: 400 drone-visible frames, deployed detector, conf 0.1
   repaint   recall  named drone  med conf
  original    0.968        0.863     0.524
     white    0.910        0.060     0.256
  skymatch    0.370        0.014     0.158
      camo    0.988        0.478     0.300
======== m6 epoch5 ========

eval_birds: 400 drone-visible frames, deployed detector, conf 0.1
   repaint   recall  named drone  med conf
  original    0.983        0.799     0.454
     white    0.907        0.490     0.251
  skymatch    0.430        0.017     0.176
      camo    0.998        0.682     0.413
======== m6 epoch8 ========

eval_birds: 400 drone-visible frames, deployed detector, conf 0.1
   repaint   recall  named drone  med conf
  original    0.930        0.836     0.466
     white    0.895        0.601     0.226
  skymatch    0.380        0.013     0.181
      camo    0.998        0.732     0.408
======== m6 epoch11 ========

eval_birds: 400 drone-visible frames, deployed detector, conf 0.1
   repaint   recall  named drone  med conf
  original    0.935        0.834     0.483
     white    0.860        0.605     0.232
  skymatch    0.395        0.019     0.192
      camo    1.000        0.710     0.412
