occlusion checking: ON
intrinsics verified against camera_info (fx=1108.8)
  20/600 frames
  40/600 frames
  60/600 frames
  80/600 frames
  100/600 frames
  120/600 frames
  140/600 frames
  160/600 frames
  180/600 frames
  200/600 frames
  220/600 frames
  240/600 frames
  260/600 frames
  280/600 frames
  300/600 frames
  320/600 frames
  340/600 frames
  360/600 frames
  380/600 frames
  400/600 frames
  420/600 frames
  440/600 frames
  460/600 frames
  480/600 frames
  500/600 frames
  520/600 frames
  540/600 frames
  560/600 frames
  580/600 frames
  600/600 frames

saved 600 frames to data/clips/range_1km/ (600 with the drone in frame)
size buckets: {'<16px': 600}
label check: median 1.2 px error, 100% within 15 px (72/72 frames had a findable dark target)
=== range clip complete ===
